// Jest Snapshot v1, https://goo.gl/fbAQLP

exports[`Copy group form test render 1`] = `
<div>
  <div
    class="OverlaySpinner--overlaySpinner"
  >
    <form
      class="FormikForm--main"
    >
      <div>
        <div
          class="StyledProps--font StyledProps--main copyGroupForm"
        >
          <div
            class="bp3-form-group"
            data-id="organizations-0"
          >
            <label
              class="bp3-label"
              for="organizations"
            >
              <span
                class="Tooltip--acenter"
                data-tooltip-id="copyGroupForm_organizations"
              >
                orgLabel
              </span>
               
              <span
                class="bp3-text-muted"
              />
            </label>
            <div
              class="bp3-form-content"
            >
              <div
                class="bp3-popover-wrapper MultiSelect--main bp3-fill"
              >
                <div
                  class="bp3-popover-target"
                >
                  <div
                    class=""
                  >
                    <div
                      class="bp3-input bp3-tag-input bp3-multi-select"
                    >
                      <div
                        class="bp3-tag-input-values"
                      >
                        <input
                          autocomplete="off"
                          class="bp3-input-ghost bp3-multi-select-tag-input-input"
                          name="organizations"
                          placeholder="- Select -"
                          value=""
                        />
                      </div>
                    </div>
                  </div>
                </div>
              </div>
            </div>
          </div>
          <div
            class="bp3-form-group bp3-disabled"
            data-id="projects-1"
          >
            <label
              class="bp3-label"
              for="projects"
            >
              <span
                class="Tooltip--acenter"
                data-tooltip-id="copyGroupForm_projects"
              >
                projectLabel
              </span>
               
              <span
                class="bp3-text-muted"
              />
            </label>
            <div
              class="bp3-form-content"
            >
              <div
                class="bp3-popover-wrapper MultiSelect--main bp3-fill"
              >
                <div
                  class="bp3-popover-target"
                >
                  <div
                    class=""
                  >
                    <div
                      class="bp3-input bp3-tag-input bp3-disabled bp3-multi-select"
                    >
                      <div
                        class="bp3-tag-input-values"
                      >
                        <input
                          autocomplete="off"
                          class="bp3-input-ghost bp3-multi-select-tag-input-input"
                          disabled=""
                          name="projects"
                          placeholder="- Select -"
                          value=""
                        />
                      </div>
                    </div>
                  </div>
                </div>
              </div>
            </div>
          </div>
        </div>
        <div
          class="Layout--horizontal Layout--layout-spacing-small StyledProps--main"
        >
          <button
            class="bp3-button bp3-disabled Button--button StyledProps--font StyledProps--main Button--with-current-color Button--variation Button--variation-primary"
            disabled=""
            tabindex="-1"
            type="submit"
          >
            <span
              class="bp3-button-text"
            >
              save
            </span>
          </button>
          <button
            class="bp3-button Button--button StyledProps--font StyledProps--main Button--with-current-color Button--variation Button--variation-tertiary"
            type="button"
          >
            <span
              class="bp3-button-text"
            >
              cancel
            </span>
          </button>
        </div>
      </div>
    </form>
  </div>
</div>
`;
